../Core/Src/main.c:100:5:main	32	static
../Core/Src/main.c:166:6:SystemClock_Config	88	static
../Core/Src/main.c:213:13:MX_LPUART1_UART_Init	8	static
../Core/Src/main.c:260:13:MX_TIM1_Init	120	static
../Core/Src/main.c:342:13:MX_TIM3_Init	56	static
../Core/Src/main.c:391:13:MX_TIM4_Init	64	static
../Core/Src/main.c:450:13:MX_TIM5_Init	40	static
../Core/Src/main.c:495:13:MX_GPIO_Init	48	static
../Core/Src/main.c:533:6:HAL_TIM_PeriodElapsedCallback	24	static
../Core/Src/main.c:541:10:micros	12	static
../Core/Src/main.c:546:6:QEIEncoderPosVel_Update	24	static
../Core/Src/main.c:580:6:Error_Handler	4	static,ignoring_inline_asm
